------------------------------------------------------------
Timing Analyzer Summary
------------------------------------------------------------

Type  : Slow 1100mV 85C Model Setup 'clk'
Slack : -0.329
TNS   : -8.134

Type  : Slow 1100mV 85C Model Hold 'clk'
Slack : 0.312
TNS   : 0.000

Type  : Slow 1100mV 85C Model Minimum Pulse Width 'clk'
Slack : -0.394
TNS   : -36.839

Type  : Slow 1100mV 0C Model Setup 'clk'
Slack : -0.314
TNS   : -6.358

Type  : Slow 1100mV 0C Model Hold 'clk'
Slack : 0.319
TNS   : 0.000

Type  : Slow 1100mV 0C Model Minimum Pulse Width 'clk'
Slack : -0.394
TNS   : -42.160

Type  : Fast 1100mV 85C Model Setup 'clk'
Slack : 0.209
TNS   : 0.000

Type  : Fast 1100mV 85C Model Hold 'clk'
Slack : 0.215
TNS   : 0.000

Type  : Fast 1100mV 85C Model Minimum Pulse Width 'clk'
Slack : -0.054
TNS   : -3.085

Type  : Fast 1100mV 0C Model Setup 'clk'
Slack : 0.282
TNS   : 0.000

Type  : Fast 1100mV 0C Model Hold 'clk'
Slack : 0.205
TNS   : 0.000

Type  : Fast 1100mV 0C Model Minimum Pulse Width 'clk'
Slack : -0.080
TNS   : -4.556

------------------------------------------------------------
